// Jest Snapshot v1, https://goo.gl/fbAQLP

exports[`Test <ParameterController/> Should match snapshot 1`] = `"<div style=\\"padding: 10px 10px 10px 10px; border-bottom: 0.5px solid black;\\"><div></div><div></div><div class=\\"MuiGrid-root MuiGrid-container MuiGrid-spacing-xs-2 MuiGrid-align-items-xs-center\\"><div class=\\"MuiGrid-root MuiGrid-item MuiGrid-grid-xs-7\\"><p class=\\"MuiTypography-root MuiTypography-body1\\" aria-haspopup=\\"true\\">sys.port.variable</p></div><div class=\\"MuiGrid-root MuiGrid-item MuiGrid-grid-xs-3\\"><div class=\\"MuiInputBase-root MuiInput-root MuiInput-underline MuiInputBase-marginDense MuiInput-marginDense\\"><input type=\\"number\\" aria-labelledby=\\"input-slider\\" class=\\"MuiInputBase-input MuiInput-input MuiInputBase-inputMarginDense MuiInput-inputMarginDense\\" value=\\"0\\"></div></div><div class=\\"MuiGrid-root MuiGrid-item MuiGrid-grid-xs-2\\"><button class=\\"MuiButtonBase-root MuiIconButton-root\\" tabindex=\\"0\\" type=\\"button\\" aria-label=\\"delete\\"><span class=\\"MuiIconButton-label\\"><svg class=\\"MuiSvgIcon-root MuiSvgIcon-fontSizeSmall\\" focusable=\\"false\\" viewBox=\\"0 0 24 24\\" aria-hidden=\\"true\\"><path d=\\"M6 19c0 1.1.9 2 2 2h8c1.1 0 2-.9 2-2V7H6v12zM19 4h-3.5l-1-1h-5l-1 1H5v2h14V4z\\"></path></svg></span><span class=\\"MuiTouchRipple-root\\"></span></button></div></div></div>"`;
